[www.google.com/intl/en_in/chrome/index.html]
[backblue.gif]
[fade.gif]
[index.html]
[www.google.com/chrome/static/images/favicons/favicon-16x16.png]
[www.google.com/chrome/static/images/favicons/favicon-32x32.png]
[www.google.com/chrome/static/images/favicons/favicon-96x96.png]
[www.google.com/chrome/static/images/favicons/android-icon-192x192.png]
[www.google.com/chrome/static/images/favicons/apple-icon-57x57.png]
[www.google.com/chrome/static/images/favicons/apple-icon-60x60.png]
[www.google.com/chrome/static/images/favicons/apple-icon-72x72.png]
[www.google.com/chrome/static/images/favicons/apple-icon-76x76.png]
[www.google.com/chrome/static/images/favicons/apple-icon-114x114.png]
[www.google.com/chrome/static/images/favicons/apple-icon-120x120.png]
[www.google.com/chrome/static/images/favicons/apple-icon-144x144.png]
[www.google.com/chrome/static/images/favicons/apple-icon-152x152.png]
[www.google.com/chrome/static/images/favicons/apple-icon-180x180.png]
[www.google-analytics.com/analytics.js]
[www.gstatic.com/external_hosted/autotrack/autotrack.js]
[www.gstatic.com/external_hosted/modernizr/modernizr.js]
[www.google.com/chrome/static/images/fallback/google-chrome-logo.jpg]
[www.google.com/chrome/static/images/fallback/chrome-logo.png]
[www.google.com/chrome/static/images/fallback/icon-file-download.jpg]
[www.google.com/chrome/static/images/benefits/module-1/save_password_global_desktop.png]
[www.google.com/intl/en_in/chrome/terms/index.html]
[www.google.com/intl/en_in/chrome/productivity/index.html]
[www.google.com/chrome/static/images/benefits/module-2/translate_global_desktop.png]
[www.google.com/intl/en_in/chrome/googlebuiltin/index.html]
[www.google.com/intl/en_in/chrome/security/index.html]
[www.google.com/chrome/static/images/benefits/module-3/chrome_global_desktop.png]
[www.google.com/chrome/static/images/benefits/module-4/connected_global_desktop.png]
[www.google.com/intl/en_in/chrome/anywhere/index.html]
[www.google.com/chrome/static/images/fallback/icon-youtube.jpg]
[www.google.com/chrome/static/images/fallback/icon-twitter.jpg]
[www.google.com/chrome/static/images/fallback/icon-fb.jpg]
[www.google.com/chrome/static/images/fallback/google-logo-one-color.jpg]
[www.google.com/intl/en_in/chrome/beta/index.html]
[www.google.com/intl/en_in/chrome/dev/index.html]
[www.google.com/intl/en_in/chrome/canary/index.html]
[www.google.com/chrome/static/images/fallback/icon-help.jpg]
[www.google.com/intl/en_in/chrome/privacy/index.html]
[www.google.com/chrome/static/images/chrome-logo-new.png]
[www.google.com/chrome/static/images/chrome_throbber_fast.gif]
[www.gstatic.com/external_hosted/scrollmagic/ScrollMagic.min.js]
[www.gstatic.com/external_hosted/scrollmagic/animation.gsap.min.js]
[www.google.com/chrome/static/js/main.v2.min.js]
[www.google.com/chrome/static/js/installer.min.js]
[www.google.com/intl/en_in/chrome/index.html]
[www.googletagmanager.com/gtm5445.html]
[www.google.com/chrome/static/images/cursor-replay.png]
[www.google.com/chrome/static/images/cursor-replay-2x.png]
[www.google.com/chrome/static/images/campaign/hero-back-mobile.jpg]
[www.google.com/chrome/static/images/campaign/hero-back-mobile-2x.jpg]
[www.google.com/chrome/static/images/campaign/hero-back-tablet.jpg]
[www.google.com/chrome/static/images/campaign/hero-back-tablet-2x.jpg]
[www.google.com/chrome/static/images/campaign/hero-back-desktop.jpg]
[www.google.com/chrome/static/images/campaign/hero-back-desktop-2x.jpg]
[www.google.com/chrome/static/images/dev/hero-back.png]
[www.google.com/chrome/static/images/dev/hero-back-2x.png]
[www.google.com/chrome/static/images/close-icon.png]
[www.google.com/chrome/static/images/close-icon-2x.png]
[www.google.com/chrome/static/images/canary/devices.png]
[www.google.com/chrome/static/images/canary/devices-2x.png]
[www.google.com/chrome/static/images/dev/devices.png]
[www.google.com/chrome/static/images/dev/devices-2x.png]
[www.google.com/chrome/static/images/beta/devices.png]
[www.google.com/chrome/static/images/beta/devices-2x.png]
[www.google.com/chrome/static/images/hero-back-tablet.jpg]
[www.google.com/chrome/static/images/hero-back-tablet-2x.jpg]
[www.google.com/chrome/static/images/hero-back-large-desktop.jpg]
[www.google.com/chrome/static/images/hero-back-large-desktop-2x.jpg]
[www.google.com/chrome/static/images/dbab-tablet.jpg]
[www.google.com/chrome/static/images/dbab-tablet-2x.jpg]
[www.google.com/chrome/static/images/dbab-desktop.jpg]
[www.google.com/chrome/static/images/dbab-desktop-2x.jpg]
[www.google.com/chrome/static/images/dbab-mobile.jpg]
[www.google.com/chrome/static/images/dbab-mobile-2x.jpg]
[www.google.com/chrome/static/images/campaign/campaign-1-mobile.jpg]
[www.google.com/chrome/static/images/campaign/campaign-1-mobile-2x.jpg]
[www.google.com/chrome/static/images/campaign/campaign-1-tablet.jpg]
[www.google.com/chrome/static/images/campaign/campaign-1-tablet-2x.jpg]
[www.google.com/chrome/static/images/campaign/campaign-1-desktop.jpg]
[www.google.com/chrome/static/images/campaign/campaign-1-desktop-2x.jpg]
[www.google.com/chrome/static/images/campaign/campaign-2-mobile.jpg]
[www.google.com/chrome/static/images/campaign/campaign-2-mobile-2x.jpg]
[www.google.com/chrome/static/images/campaign/campaign-2-tablet.jpg]
[www.google.com/chrome/static/images/campaign/campaign-2-tablet-2x.jpg]
[www.google.com/chrome/static/images/campaign/campaign-2-desktop.jpg]
[www.google.com/chrome/static/images/campaign/campaign-2-desktop-2x.jpg]
[www.google.com/chrome/static/images/campaign/campaign-3-mobile.jpg]
[www.google.com/chrome/static/images/campaign/campaign-3-mobile-2x.jpg]
[www.google.com/chrome/static/images/campaign/campaign-3-tablet.jpg]
[www.google.com/chrome/static/images/campaign/campaign-3-tablet-2x.jpg]
[www.google.com/chrome/static/images/campaign/campaign-3-desktop.jpg]
[www.google.com/chrome/static/images/campaign/campaign-3-desktop-2x.jpg]
[www.google.com/chrome/static/images/campaign/campaign-4-mobile.jpg]
[www.google.com/chrome/static/images/campaign/campaign-4-mobile-2x.jpg]
[www.google.com/chrome/static/images/campaign/campaign-4-tablet.jpg]
[www.google.com/chrome/static/images/campaign/campaign-4-tablet-2x.jpg]
[www.google.com/chrome/static/images/campaign/campaign-4-desktop.jpg]
[www.google.com/chrome/static/images/campaign/campaign-4-desktop-2x.jpg]
[www.google.com/chrome/static/images/campaign/campaign-5-mobile.jpg]
[www.google.com/chrome/static/images/campaign/campaign-5-mobile-2x.jpg]
[www.google.com/chrome/static/images/campaign/campaign-5-tablet.jpg]
[www.google.com/chrome/static/images/campaign/campaign-5-tablet-2x.jpg]
[www.google.com/chrome/static/images/campaign/campaign-5-desktop.jpg]
[www.google.com/chrome/static/images/campaign/campaign-5-desktop-2x.jpg]
[www.google.com/chrome/static/css/main.v2.min.css]
[www.google.com/chrome/static/images/fallback/icon-x.jpg]
[www.google.com/chrome/static/images/fallback/canary/devices.jpg]
[www.google.com/chrome/static/images/fallback/dev/devices.jpg]
[www.google.com/chrome/static/images/fallback/beta/devices.jpg]
[www.google.com/chrome/static/images/fallback/cards/icon-star.jpg]
[www.google.com/chrome/static/images/fallback/cards/icon-star-full.jpg]
[www.google.com/chrome/static/images/fallback/benefits/benefits-icon-fast.jpg]
[www.google.com/chrome/static/images/fallback/benefits/benefits-icon-search.jpg]
[www.google.com/chrome/static/images/fallback/benefits/benefits-icon-shield.jpg]
[www.google.com/chrome/static/images/fallback/benefits/benefits-icon-world.jpg]
[www.google.com/chrome/static/images/fallback/thank-you-animation.png]
[www.google.com/chrome/static/css/fallback.v2.min.css]
[www.google.com/images/icons/product/chrome-32.png]
[www.google.com/chrome/static/images/fallback/chrome-logo-new.jpg]
[www.google.com/intl/en_in/chrome/terms/index.html]
[www.google.com/chrome/static/images/tabs/module-1/tab-management_global_desktop-2x.png]
[www.google.com/chrome/static/images/tabs/module-1/autofill-passwords_global_desktop-2x.png]
[www.google.com/chrome/static/images/tabs/module-1/extensions_global_desktop-2x.png]
[www.google.com/chrome/static/images/fallback/icon-gplus.jpg]
[www.gstatic.com/external_hosted/lottie/lottie.js]
[www.google.com/intl/en_in/chrome/productivity/index.html]
[www.google.com/chrome/static/images/tabs/module-2/omnibox_global_desktop-2x.png]
[www.google.com/chrome/static/images/tabs/module-2/translate_global_desktop-2x.png]
[www.google.com/chrome/static/images/tabs/module-2/adblocker_global_desktop-2x.png]
[www.google.com/chrome/static/images/tabs/module-2/singlesignin_global_desktop-2x.png]
[www.google.com/chrome/static/images/tabs/module-2/googlefeed_global_desktop-2x.png]
[www.google.com/intl/en_in/chrome/googlebuiltin/index.html]
[www.google.com/chrome/static/images/tabs/module-3/warnings_global_desktop-2x.png]
[www.google.com/chrome/static/images/tabs/module-3/sandbox_global_desktop-2x.png]
[www.google.com/chrome/static/images/tabs/module-3/bugfix_global_desktop-2x.png]
[www.google.com/intl/en_in/chrome/security/index.html]
[www.google.com/chrome/static/images/tabs/module-4/device_global_desktop.png]
[www.google.com/chrome/static/images/tabs/module-4/personalize_global_desktop.jpg]
[www.google.com/chrome/static/images/tabs/module-4/cast_global_desktop.png]
[www.google.com/intl/en_in/chrome/anywhere/index.html]
[www.google.com/chrome/static/images/fallback/beta/chrome-beta-logo.jpg]
[www.google.com/intl/en_in/chrome/beta/indexfb7b.html]
[www.google.com/chrome/static/images/fallback/beta/feature-highlight.jpg]
[www.google.com/intl/en_in/chrome/beta/indexa449.html]
[www.google.com/intl/en_in/chrome/beta/index57f1.html]
[www.google.com/intl/en_in/chrome/beta/index994f.html]
[www.google.com/chrome/static/images/fallback/beta/chat-bubble-outline.jpg]
[www.google.com/chrome/static/images/fallback/dev/system-update.jpg]
[www.google.com/chrome/static/js/installer-beta.min.js]
[www.google.com/intl/en_in/chrome/beta/index.html]
[www.google.com/chrome/static/images/fallback/dev/chrome-dev-logo.jpg]
[www.google.com/chrome/static/images/fallback/dev/developer-mode.jpg]
[www.google.com/intl/en_in/chrome/dev/indexa449.html]
[www.google.com/intl/en_in/chrome/dev/indexfb7b.html]
[www.google.com/intl/en_in/chrome/dev/index57f1.html]
[www.google.com/intl/en_in/chrome/dev/index994f.html]
[www.google.com/chrome/static/images/fallback/dev/web.jpg]
[www.google.com/chrome/static/js/installer-dev.min.js]
[www.google.com/intl/en_in/chrome/dev/index.html]
[www.google.com/chrome/static/images/fallback/canary/chrome-canary-logo.jpg]
[www.google.com/intl/en_in/chrome/canary/indexa449.html]
[www.google.com/intl/en_in/chrome/canary/indexfb7b.html]
[www.google.com/intl/en_in/chrome/canary/index994f.html]
[www.google.com/chrome/static/js/installer-canary.min.js]
[www.google.com/intl/en_in/chrome/canary/index.html]
[www.google.com/intl/en_in/chrome/privacy/index.html]
[www.google.com/intl/en_in/chrome/beta/indexfb7b.html]
[www.google.com/intl/en_in/chrome/beta/indexa449.html]
[www.google.com/intl/en_in/chrome/beta/index57f1.html]
[www.google.com/intl/en_in/chrome/beta/index994f.html]
[www.google.com/intl/en_in/chrome/dev/indexfb7b.html]
[www.google.com/intl/en_in/chrome/dev/indexa449.html]
[www.google.com/intl/en_in/chrome/dev/index57f1.html]
[www.google.com/intl/en_in/chrome/dev/index994f.html]
[www.google.com/intl/en_in/chrome/canary/indexfb7b.html]
[www.google.com/intl/en_in/chrome/canary/indexa449.html]
[www.google.com/intl/en_in/chrome/canary/index994f.html]
